// Jest Snapshot v1, https://goo.gl/fbAQLP

exports[`letters test 1`] = `
{
  "deleteLetter": {
    "data": null,
    "loaded": false,
    "loading": false,
  },
  "lettersList": {
    "data": null,
    "input": null,
    "loaded": false,
    "loading": true,
  },
  "saveLetter": {
    "data": null,
    "loaded": false,
    "loading": false,
  },
  "updateLetter": {
    "data": null,
    "loaded": false,
    "loading": false,
  },
}
`;
